// Jest Snapshot v1, https://goo.gl/fbAQLP

exports[`Todo component renders 1`] = `
<div
  className="wrapper"
  style={
    Object {
      "backgroundColor": "",
    }
  }
>
  <h3>
    Go to the supermarket
  </h3>
  <button
    className="btn"
    onClick={[Function]}
  >
    
  </button>
  <button
    className="btn"
    onClick={[Function]}
  >
    Remove from list
  </button>
</div>
`;
